2022-12-14 19:43:00.105544: memoryview: a bytes-like object is required, not 'ClientConnectorError'
2022-12-14 19:43:00.833282: memoryview: a bytes-like object is required, not 'ClientConnectorError'
2022-12-14 19:43:01.822835: memoryview: a bytes-like object is required, not 'ClientConnectorError'
2022-12-14 19:43:02.654183: memoryview: a bytes-like object is required, not 'ClientConnectorError'
2022-12-14 19:43:03.381174: memoryview: a bytes-like object is required, not 'ClientConnectorError'
2022-12-14 20:17:58.292130: memoryview: a bytes-like object is required, not 'ClientConnectorError'
2022-12-14 20:17:58.296094: memoryview: a bytes-like object is required, not 'ClientConnectorError'
2022-12-14 20:17:58.300095: memoryview: a bytes-like object is required, not 'ClientConnectorError'
2022-12-14 20:17:58.303128: memoryview: a bytes-like object is required, not 'ClientConnectorError'
2022-12-14 20:17:58.305127: memoryview: a bytes-like object is required, not 'ClientConnectorError'
2022-12-14 20:17:58.308094: memoryview: a bytes-like object is required, not 'ClientConnectorError'
2022-12-14 20:17:58.313096: memoryview: a bytes-like object is required, not 'ClientConnectorError'
2022-12-14 20:17:58.316092: memoryview: a bytes-like object is required, not 'ClientConnectorError'
2022-12-14 20:17:58.319519: memoryview: a bytes-like object is required, not 'ClientConnectorError'
2022-12-14 20:17:58.337530: memoryview: a bytes-like object is required, not 'ClientConnectorError'
2022-12-14 20:17:58.339531: memoryview: a bytes-like object is required, not 'ClientConnectorError'
2022-12-14 20:17:58.342569: memoryview: a bytes-like object is required, not 'ClientConnectorError'
2022-12-14 20:17:58.346534: memoryview: a bytes-like object is required, not 'ClientConnectorError'
2022-12-14 20:17:58.350530: memoryview: a bytes-like object is required, not 'ClientConnectorError'
2022-12-14 20:17:58.353530: memoryview: a bytes-like object is required, not 'ClientConnectorError'
2022-12-14 20:17:58.355564: memoryview: a bytes-like object is required, not 'ClientConnectorError'
2022-12-14 20:17:58.358530: memoryview: a bytes-like object is required, not 'ClientConnectorError'
2022-12-14 20:17:58.361531: memoryview: a bytes-like object is required, not 'ClientConnectorError'
2022-12-14 20:17:58.365568: memoryview: a bytes-like object is required, not 'ClientConnectorError'
2022-12-14 20:17:58.368529: memoryview: a bytes-like object is required, not 'ClientConnectorError'
2022-12-14 20:17:58.370531: memoryview: a bytes-like object is required, not 'ClientConnectorError'
2022-12-14 20:17:58.373532: memoryview: a bytes-like object is required, not 'ClientConnectorError'
2022-12-14 20:17:58.376530: memoryview: a bytes-like object is required, not 'ClientConnectorError'
2022-12-14 20:17:58.379567: memoryview: a bytes-like object is required, not 'ClientConnectorError'
2022-12-14 20:17:58.383529: memoryview: a bytes-like object is required, not 'ClientConnectorError'
2022-12-14 20:17:58.385530: memoryview: a bytes-like object is required, not 'ClientConnectorError'
2022-12-14 20:17:58.388530: memoryview: a bytes-like object is required, not 'ClientConnectorError'
2022-12-14 20:17:58.391530: memoryview: a bytes-like object is required, not 'ClientConnectorError'
2022-12-14 20:17:58.394530: memoryview: a bytes-like object is required, not 'ClientConnectorError'
2022-12-14 20:17:58.397530: memoryview: a bytes-like object is required, not 'ClientConnectorError'
2022-12-14 20:17:58.401530: memoryview: a bytes-like object is required, not 'ClientConnectorError'
2022-12-14 20:17:58.404533: memoryview: a bytes-like object is required, not 'ClientConnectorError'
2022-12-14 20:17:58.407528: memoryview: a bytes-like object is required, not 'ClientConnectorError'
2022-12-14 20:17:58.410529: memoryview: a bytes-like object is required, not 'ClientConnectorError'
2022-12-14 20:17:58.414536: memoryview: a bytes-like object is required, not 'ClientConnectorError'
2022-12-14 20:17:58.417529: memoryview: a bytes-like object is required, not 'ClientConnectorError'
2022-12-14 20:17:58.420531: memoryview: a bytes-like object is required, not 'ClientConnectorError'
2022-12-14 20:17:58.423529: memoryview: a bytes-like object is required, not 'ClientConnectorError'
2022-12-14 20:17:58.426529: memoryview: a bytes-like object is required, not 'ClientConnectorError'
2022-12-14 20:17:58.430534: memoryview: a bytes-like object is required, not 'ClientConnectorError'
2022-12-14 20:17:58.433530: memoryview: a bytes-like object is required, not 'ClientConnectorError'
2022-12-14 20:17:58.436530: memoryview: a bytes-like object is required, not 'ClientConnectorError'
2022-12-14 20:17:58.440529: memoryview: a bytes-like object is required, not 'ClientConnectorError'
2022-12-14 20:17:58.443530: memoryview: a bytes-like object is required, not 'ClientConnectorError'
2022-12-14 20:17:58.451541: memoryview: a bytes-like object is required, not 'ClientConnectorError'
2022-12-14 20:17:58.772356: memoryview: a bytes-like object is required, not 'ClientConnectorError'
2022-12-14 20:17:59.002988: memoryview: a bytes-like object is required, not 'ClientConnectorError'
2022-12-14 20:17:59.304523: memoryview: a bytes-like object is required, not 'ClientConnectorError'
2022-12-14 20:17:59.561222: memoryview: a bytes-like object is required, not 'ClientConnectorError'
2022-12-14 20:17:59.911681: memoryview: a bytes-like object is required, not 'ClientConnectorError'
2022-12-14 20:18:00.274864: memoryview: a bytes-like object is required, not 'ClientConnectorError'
2022-12-14 20:18:00.926116: memoryview: a bytes-like object is required, not 'ClientConnectorError'
2022-12-14 20:18:01.320680: memoryview: a bytes-like object is required, not 'ClientConnectorError'
2022-12-14 20:18:01.731885: memoryview: a bytes-like object is required, not 'ClientConnectorError'
2022-12-14 20:18:02.174754: memoryview: a bytes-like object is required, not 'ClientConnectorError'
2022-12-14 20:24:44.912722: memoryview: a bytes-like object is required, not 'ClientOSError'
2022-12-14 20:24:45.999787: memoryview: a bytes-like object is required, not 'ClientConnectorError'
2022-12-14 20:24:46.566335: memoryview: a bytes-like object is required, not 'ClientConnectorError'
2022-12-14 20:24:46.894022: memoryview: a bytes-like object is required, not 'ClientConnectorError'
2022-12-14 20:24:47.534339: memoryview: a bytes-like object is required, not 'ClientConnectorError'
2022-12-14 20:24:47.933147: memoryview: a bytes-like object is required, not 'ClientConnectorError'
2022-12-14 20:24:48.770857: memoryview: a bytes-like object is required, not 'ClientConnectorError'
2022-12-14 20:24:49.302766: memoryview: a bytes-like object is required, not 'ClientConnectorError'
2022-12-14 20:24:49.588947: memoryview: a bytes-like object is required, not 'ClientConnectorError'
2022-12-14 20:24:50.190000: memoryview: a bytes-like object is required, not 'ClientConnectorError'
2022-12-14 20:24:51.042798: memoryview: a bytes-like object is required, not 'ClientConnectorError'
2022-12-14 20:24:51.453712: memoryview: a bytes-like object is required, not 'ClientConnectorError'
2022-12-14 20:24:51.876434: memoryview: a bytes-like object is required, not 'ClientConnectorError'
2022-12-14 20:24:52.805624: memoryview: a bytes-like object is required, not 'ClientConnectorError'
2022-12-14 20:24:53.230404: memoryview: a bytes-like object is required, not 'ClientConnectorError'
2022-12-14 20:24:53.975318: memoryview: a bytes-like object is required, not 'ClientConnectorError'
2022-12-14 20:24:54.401316: memoryview: a bytes-like object is required, not 'ClientConnectorError'
2022-12-14 20:24:55.273215: memoryview: a bytes-like object is required, not 'ClientConnectorError'
2022-12-14 20:24:55.984251: memoryview: a bytes-like object is required, not 'ClientConnectorError'
2022-12-14 20:24:56.634590: memoryview: a bytes-like object is required, not 'ClientConnectorError'
2022-12-14 20:24:57.267708: memoryview: a bytes-like object is required, not 'ClientConnectorError'
2022-12-14 20:24:57.881415: memoryview: a bytes-like object is required, not 'ClientConnectorError'
2022-12-14 20:26:58.967128: memoryview: a bytes-like object is required, not 'ClientOSError'
2022-12-14 20:26:59.641385: memoryview: a bytes-like object is required, not 'ClientConnectorError'
2022-12-14 20:27:00.371513: memoryview: a bytes-like object is required, not 'ClientConnectorError'
2022-12-14 20:27:00.836916: memoryview: a bytes-like object is required, not 'ClientConnectorError'
2022-12-14 20:27:01.539046: memoryview: a bytes-like object is required, not 'ClientConnectorError'
2022-12-14 20:27:02.170915: memoryview: a bytes-like object is required, not 'ClientConnectorError'
2022-12-14 20:27:02.633209: memoryview: a bytes-like object is required, not 'ClientConnectorError'
2022-12-14 20:27:03.105982: memoryview: a bytes-like object is required, not 'ClientConnectorError'
2022-12-14 20:27:03.704927: memoryview: a bytes-like object is required, not 'ClientConnectorError'
2022-12-14 20:27:04.172508: memoryview: a bytes-like object is required, not 'ClientConnectorError'
2022-12-14 20:27:04.559431: memoryview: a bytes-like object is required, not 'ClientConnectorError'
2022-12-14 20:27:05.154158: memoryview: a bytes-like object is required, not 'ClientConnectorError'
2022-12-14 20:27:05.680517: memoryview: a bytes-like object is required, not 'ClientConnectorError'
2022-12-14 20:27:05.891572: memoryview: a bytes-like object is required, not 'ClientConnectorError'
2022-12-14 20:27:06.274186: memoryview: a bytes-like object is required, not 'ClientConnectorError'
2022-12-14 20:27:06.744403: memoryview: a bytes-like object is required, not 'ClientConnectorError'
2022-12-14 20:27:06.971624: memoryview: a bytes-like object is required, not 'ClientConnectorError'
2022-12-14 20:27:07.398327: memoryview: a bytes-like object is required, not 'ClientConnectorError'
2022-12-14 20:27:07.749691: memoryview: a bytes-like object is required, not 'ClientConnectorError'
2022-12-14 20:27:08.176867: memoryview: a bytes-like object is required, not 'ClientConnectorError'
2022-12-14 20:27:08.606099: memoryview: a bytes-like object is required, not 'ClientConnectorError'
2022-12-14 20:27:09.144497: memoryview: a bytes-like object is required, not 'ClientConnectorError'
2022-12-14 20:27:09.620844: memoryview: a bytes-like object is required, not 'ClientConnectorError'
2022-12-14 20:27:10.040120: memoryview: a bytes-like object is required, not 'ClientConnectorError'
2022-12-14 20:27:10.466438: memoryview: a bytes-like object is required, not 'ClientConnectorError'
2022-12-14 20:27:11.264273: memoryview: a bytes-like object is required, not 'ClientConnectorError'
2022-12-14 20:27:11.678444: memoryview: a bytes-like object is required, not 'ClientConnectorError'
2022-12-14 20:27:12.037973: memoryview: a bytes-like object is required, not 'ClientConnectorError'
2022-12-14 20:27:12.340266: memoryview: a bytes-like object is required, not 'ClientConnectorError'
2022-12-14 20:27:13.521562: memoryview: a bytes-like object is required, not 'ClientConnectorError'
2022-12-14 20:27:14.193127: memoryview: a bytes-like object is required, not 'ClientConnectorError'
2022-12-14 20:27:14.699803: memoryview: a bytes-like object is required, not 'ClientConnectorError'
2022-12-14 20:27:14.988828: memoryview: a bytes-like object is required, not 'ClientConnectorError'
2022-12-14 20:27:15.186364: memoryview: a bytes-like object is required, not 'ClientConnectorError'
2022-12-14 20:27:15.584473: memoryview: a bytes-like object is required, not 'ClientConnectorError'
2022-12-14 20:27:16.155118: memoryview: a bytes-like object is required, not 'ClientConnectorError'
2022-12-14 20:27:16.558053: memoryview: a bytes-like object is required, not 'ClientConnectorError'
2022-12-14 20:27:17.099775: memoryview: a bytes-like object is required, not 'ClientConnectorError'
2022-12-14 20:27:17.864582: memoryview: a bytes-like object is required, not 'ClientConnectorError'
2022-12-14 20:27:18.257866: memoryview: a bytes-like object is required, not 'ClientConnectorError'
2022-12-14 20:27:18.959801: memoryview: a bytes-like object is required, not 'ClientConnectorError'
2022-12-14 20:27:19.553569: memoryview: a bytes-like object is required, not 'ClientConnectorError'
2022-12-14 20:27:20.318086: memoryview: a bytes-like object is required, not 'ClientConnectorError'
2022-12-14 20:27:20.873669: memoryview: a bytes-like object is required, not 'ClientConnectorError'
2022-12-14 20:27:21.403646: memoryview: a bytes-like object is required, not 'ClientConnectorError'
2022-12-14 20:27:22.031597: memoryview: a bytes-like object is required, not 'ClientConnectorError'
2022-12-14 20:27:22.681526: memoryview: a bytes-like object is required, not 'ClientConnectorError'
2022-12-14 20:27:23.393545: memoryview: a bytes-like object is required, not 'ClientConnectorError'
2022-12-14 20:27:23.852751: memoryview: a bytes-like object is required, not 'ClientConnectorError'
2022-12-14 20:27:24.458432: memoryview: a bytes-like object is required, not 'ClientConnectorError'
2022-12-14 20:27:24.781512: memoryview: a bytes-like object is required, not 'ClientConnectorError'
2022-12-14 20:27:25.480542: memoryview: a bytes-like object is required, not 'ClientConnectorError'
2022-12-14 20:27:25.812541: memoryview: a bytes-like object is required, not 'ClientConnectorError'
2022-12-14 20:27:26.348565: memoryview: a bytes-like object is required, not 'ClientConnectorError'
2022-12-14 20:29:12.899430: memoryview: a bytes-like object is required, not 'ClientPayloadError'
2022-12-14 20:29:13.231292: memoryview: a bytes-like object is required, not 'ClientConnectorError'
2022-12-14 20:29:14.004663: memoryview: a bytes-like object is required, not 'ClientConnectorError'
2022-12-14 20:29:14.421387: memoryview: a bytes-like object is required, not 'ClientConnectorError'
2022-12-14 20:29:14.765608: memoryview: a bytes-like object is required, not 'ClientConnectorError'
2022-12-14 20:29:15.277438: memoryview: a bytes-like object is required, not 'ClientConnectorError'
2022-12-14 20:29:15.723623: memoryview: a bytes-like object is required, not 'ClientConnectorError'
2022-12-14 20:29:16.076080: memoryview: a bytes-like object is required, not 'ClientConnectorError'
2022-12-14 20:29:16.761501: memoryview: a bytes-like object is required, not 'ClientConnectorError'
2022-12-14 20:29:17.398034: memoryview: a bytes-like object is required, not 'ClientConnectorError'
2022-12-14 20:29:18.413161: memoryview: a bytes-like object is required, not 'ClientConnectorError'
2022-12-14 20:29:18.853108: memoryview: a bytes-like object is required, not 'ClientConnectorError'
2022-12-14 20:29:19.164697: memoryview: a bytes-like object is required, not 'ClientConnectorError'
2022-12-14 20:29:19.844267: memoryview: a bytes-like object is required, not 'ClientConnectorError'
2022-12-14 20:29:20.207852: memoryview: a bytes-like object is required, not 'ClientConnectorError'
2022-12-14 20:29:20.591841: memoryview: a bytes-like object is required, not 'ClientConnectorError'
2022-12-14 20:29:21.166727: memoryview: a bytes-like object is required, not 'ClientConnectorError'
2022-12-14 20:29:21.475375: memoryview: a bytes-like object is required, not 'ClientConnectorError'
2022-12-14 20:29:22.055419: memoryview: a bytes-like object is required, not 'ClientConnectorError'
2022-12-14 20:29:22.615795: memoryview: a bytes-like object is required, not 'ClientConnectorError'
2022-12-14 20:29:22.998756: memoryview: a bytes-like object is required, not 'ClientConnectorError'
2022-12-14 20:29:23.431464: memoryview: a bytes-like object is required, not 'ClientConnectorError'
2022-12-14 20:29:24.052585: memoryview: a bytes-like object is required, not 'ClientConnectorError'
2022-12-14 20:29:24.513871: memoryview: a bytes-like object is required, not 'ClientConnectorError'
2022-12-14 20:29:25.048127: memoryview: a bytes-like object is required, not 'ClientConnectorError'
2022-12-14 20:29:25.478120: memoryview: a bytes-like object is required, not 'ClientConnectorError'
2022-12-14 20:29:25.938158: memoryview: a bytes-like object is required, not 'ClientConnectorError'
2022-12-14 20:29:26.858125: memoryview: a bytes-like object is required, not 'ClientConnectorError'
2022-12-14 20:29:27.238128: memoryview: a bytes-like object is required, not 'ClientConnectorError'
2022-12-15 11:22:36.464357: a bytes-like object is required, not 'TypeError'
2022-12-15 11:22:40.916008: a bytes-like object is required, not 'TypeError'
2022-12-15 11:22:44.760363: a bytes-like object is required, not 'TypeError'
2022-12-15 11:22:47.995026: a bytes-like object is required, not 'TypeError'
2022-12-15 11:22:50.309576: a bytes-like object is required, not 'TypeError'
2022-12-15 11:22:52.739818: a bytes-like object is required, not 'TypeError'
2022-12-15 11:22:56.250526: a bytes-like object is required, not 'TypeError'
2022-12-15 11:22:59.303391: a bytes-like object is required, not 'TypeError'
2022-12-15 11:23:01.928773: a bytes-like object is required, not 'TypeError'
2022-12-15 11:23:04.585474: a bytes-like object is required, not 'TypeError'
2022-12-15 11:23:09.766586: a bytes-like object is required, not 'TypeError'
2022-12-15 11:23:13.527752: a bytes-like object is required, not 'TypeError'
